        "E:\\prg_hbt\\_mis\\1.prg",
        "E:\\prg_hbt\\_mis\\CL2HB2FR.PRG",
        "E:\\prg_hbt\\_mis\\hrb.prg",
        "E:\\prg_hbt\\_mis\\HXMLDOC.PRG",
        "E:\\prg_hbt\\_mis\\MO_263.PRG",
        "E:\\prg_hbt\\_mis\\MO_263P.PRG",
        "E:\\prg_hbt\\_mis\\MO_263S.PRG",
        "E:\\prg_hbt\\_mis\\MO_ADRES.PRG",
        "E:\\prg_hbt\\_mis\\MO_FR.PRG",
        "E:\\prg_hbt\\_mis\\MO_FUNC.PRG",
        "E:\\prg_hbt\\_mis\\MO_FUNC1.PRG",
        "E:\\prg_hbt\\_mis\\MO_FUNC2.PRG",
        "E:\\prg_hbt\\_mis\\mo_hrb1.prg",
        "E:\\prg_hbt\\_mis\\MO_INDEX.PRG",
        "E:\\prg_hbt\\_mis\\MO_INIT.PRG",
        "E:\\prg_hbt\\_mis\\MO_KART.PRG",
        "E:\\prg_hbt\\_mis\\MO_KASSA.PRG",
        "E:\\prg_hbt\\_mis\\MO_KAS_O.PRG",
        "E:\\prg_hbt\\_mis\\MO_KAS_P.PRG",
        "E:\\prg_hbt\\_mis\\MO_KEK.PRG",
        "E:\\prg_hbt\\_mis\\MO_KEKI.PRG",
        "E:\\prg_hbt\\_mis\\MO_KEKI_17.PRG",
        "E:\\prg_hbt\\_mis\\MO_MAIN.PRG",
        "E:\\prg_hbt\\_mis\\MO_MODER.PRG",
        "E:\\prg_hbt\\_mis\\MO_MZXML.PRG",
        "E:\\prg_hbt\\_mis\\MO_OMS.PRG",
        "E:\\prg_hbt\\_mis\\MO_OMS1.PRG",
        "E:\\prg_hbt\\_mis\\MO_OMS14.PRG",
        "E:\\prg_hbt\\_mis\\MO_OMS2.PRG",
        "E:\\prg_hbt\\_mis\\MO_OMS3.PRG",
        "E:\\prg_hbt\\_mis\\MO_OMSF.PRG",
        "E:\\prg_hbt\\_mis\\MO_OMSFO.PRG",
        "E:\\prg_hbt\\_mis\\MO_OMSI.PRG",
        "E:\\prg_hbt\\_mis\\MO_OMSID.PRG",
        "E:\\prg_hbt\\_mis\\MO_OMSIF.PRG",
        "E:\\prg_hbt\\_mis\\MO_OMSIO.PRG",
        "E:\\prg_hbt\\_mis\\MO_OMSIS.PRG",
        "E:\\prg_hbt\\_mis\\MO_OMSIT.PRG",
        "E:\\prg_hbt\\_mis\\mo_omsna.prg",
        "E:\\prg_hbt\\_mis\\MO_OMSO.PRG",
        "E:\\prg_hbt\\_mis\\MO_OMSP.PRG",
        "E:\\prg_hbt\\_mis\\MO_OMSPR.PRG",
        "E:\\prg_hbt\\_mis\\MO_OMSR.PRG",
        "E:\\prg_hbt\\_mis\\MO_OMSS.PRG",
        "E:\\prg_hbt\\_mis\\MO_ORTO.PRG",
        "E:\\prg_hbt\\_mis\\MO_ORTOP.PRG",
        "E:\\prg_hbt\\_mis\\MO_PLAT.PRG",
        "E:\\prg_hbt\\_mis\\MO_PLATP.PRG",
        "E:\\prg_hbt\\_mis\\MO_PLATV.PRG",
        "E:\\prg_hbt\\_mis\\MO_PP.PRG",
        "E:\\prg_hbt\\_mis\\MO_PPI.PRG",
        "E:\\prg_hbt\\_mis\\MO_R01.PRG",
        "E:\\prg_hbt\\_mis\\MO_REGI.PRG",
        "E:\\prg_hbt\\_mis\\mo_sds.prg",
        "E:\\prg_hbt\\_mis\\MO_SERV.PRG",
        "E:\\prg_hbt\\_mis\\MO_SPR.PRG",
        "E:\\prg_hbt\\_mis\\MO_SPRI.PRG",
        "E:\\prg_hbt\\_mis\\MO_ST39.PRG",
        "E:\\prg_hbt\\_mis\\MO_VOUNC.PRG",
        "E:\\prg_hbt\\_mis\\_CRE_PAS.PRG",
        "E:\\prg_hbt\\_mis\\_SPR2PRG.PRG"
