d:\_mo\_arc\*.rtf
d:\_mo\_arc\CHIP_MO.CHM
d:\_mo\_arc\CHIP_MO.EXE
d:\_mo\_arc\UNRAR.EXE
d:\_mo\_arc\FRSYSTH.DLL
d:\_mo\_arc\SMP_2.FR3
d:\_mo\_arc\SMPP_2.FR3
d:\_mo\_arc\F066.FR3
d:\_mo\_arc\IST_BOL.FR3
d:\_mo\_arc\LU_STAC.FR3
d:\_mo\_arc\MO_*.FR3
d:\_mo\_arc\MO_*.HRB
d:\_mo\_arc\MO_14med.XLS
d:\_mo\_arc\MO_131.XLS
d:\_mo\_arc\MO_PR*.XLS
d:\_mo\_arc\_MO_MO.DBB
d:\_mo\_arc\_MO*.DBF
d:\_mo\_arc\_MO*.DBT
d:\_mo\_arc\_OKATO*.DBF
d:\_mo\_arc\DISP_NAB.FRM
d:\_mo\_arc\FORMA_12.FRM
d:\_mo\_arc\FORMA_14.FRM
d:\_mo\_arc\FORMA_16.FRM
d:\_mo\_arc\FORMA_57.FRM
d:\_mo\_arc\STAT_COM.FRM
d:\_mo\_arc\LIST_066.SHB
d:\_mo\_arc\LIST_U_8.SHB
d:\_mo\_arc\LIST_U_9.SHB
d:\_mo\_arc\F066.SHB
d:\_mo\_arc\IST_BOL.SHB
d:\_mo\_arc\LU_STAC.SHB
d:\_mo\_arc\SVOD_DVN.SHB
d:\_mo\_arc\Pc.Policy.Smartcard.Crypto.dll
d:\_mo\_arc\Pc.Policy.Smartcard.Data.dll
d:\_mo\_arc\Pc.Policy.Smartcard.Shared.dll
d:\_mo\_arc\Pc.Shared.Barcode.dll
d:\_mo\_arc\Pc.Shared.BER.dll
d:\_mo\_arc\Pc.Shared.CryptoAPI.dll
d:\_mo\_arc\Pc.Shared.Security.dll
d:\_mo\_arc\Pc.Shared.Utils.dll
d:\_mo\_arc\ReadEPolis.application
d:\_mo\_arc\ReadEPolis.exe
d:\_mo\_arc\ReadEPolis.exe.config
d:\_mo\_arc\ReadEPolis.exe.manifest
d:\_mo\_arc\SmartCard.ISO7816.dll
d:\_mo\_arc\SmartCard.PCSC.dll
d:\_mo\_arc\SmartCard.PCSC.Native.dll
d:\_mo\_arc\_MO_PROF.TXT
d:\_mo\_arc\_MO_SPEC.TXT
